[debug] [2026-05-18T16:16:18.828Z] ----------------------------------------------------------------------
[debug] [2026-05-18T16:16:18.830Z] Command:       C:\Data\node.exe C:\Users\Win11\AppData\Roaming\npm\node_modules\firebase-tools\lib\bin\firebase.js init
[debug] [2026-05-18T16:16:18.831Z] CLI Version:   15.18.0
[debug] [2026-05-18T16:16:18.831Z] Platform:      win32
[debug] [2026-05-18T16:16:18.831Z] Node Version:  v24.15.0
[debug] [2026-05-18T16:16:18.831Z] Time:          Mon May 18 2026 11:16:18 GMT-0500 (Central Daylight Time)
[debug] [2026-05-18T16:16:18.831Z] ----------------------------------------------------------------------
[debug] 
[info] 
     ######## #### ########  ######## ########     ###     ######  ########
     ##        ##  ##     ## ##       ##     ##  ##   ##  ##       ##
     ######    ##  ########  ######   ########  #########  ######  ######
     ##        ##  ##    ##  ##       ##     ## ##     ##       ## ##
     ##       #### ##     ## ######## ########  ##     ##  ######  ########

You're about to initialize a Firebase project in this directory:

  C:\Users\Win11\Desktop\mohamedbiko\rap-star-portfolio

[debug] [2026-05-18T16:21:42.123Z] ExitPromptError: User force closed the prompt with SIGINT
    at Interface.sigint (C:\Users\Win11\AppData\Roaming\npm\node_modules\firebase-tools\node_modules\@inquirer\core\dist\commonjs\lib\create-prompt.js:101:37)
    at Interface.emit (node:events:509:28)
    at [_ttyWrite] [as _ttyWrite] (node:internal/readline/interface:1327:18)
    at ReadStream.onkeypress (node:internal/readline/interface:284:20)
    at ReadStream.emit (node:events:521:24)
    at emitKeys (node:internal/readline/utils:371:14)
    at emitKeys.next (<anonymous>)
    at ReadStream.onData (node:internal/readline/emitKeypressEvents:64:36)
    at ReadStream.emit (node:events:509:28)
    at addChunk (node:internal/streams/readable:563:12)
[error] 
[error] Error: An unexpected error has occurred.
